// Jest Snapshot v1, https://goo.gl/fbAQLP

exports[`<Details/> should render correctly 1`] = `
<div
  className="flex flex-col items-center mx-2 md:flex-row md:mx-0 md:mr-2"
>
  <span
    className="text-sm text-white"
  >
    Genre
  </span>
  <span
    className="hidden md:block md:mr-2"
  >
    :
  </span>
  <span
    className="font-semibold text-white md:mr-2"
  >
    Horror
  </span>
</div>
`;
