// Jest Snapshot v1, https://goo.gl/fbAQLP

exports[`<Content/> should render correctly  1`] = `
<div
  className="absolute flex flex-col justify-center items-center top-0 mt-3 w-full md:w-4/6 md:items-start md:pt-24 md:pl-32 lg:pt-24 lg:pl-40 xl:mt-40 xl:pl-56"
>
  <div>
    Test
  </div>
</div>
`;
