// Jest Snapshot v1, https://goo.gl/fbAQLP

exports[`<LatestMovie/> should render correctly  1`] = `
<div
  className="w-full relative"
>
  <img
    alt=""
    className="w-full latest-movie__img"
    src="https://image.tmdb.org/t/p/original/path"
  />
  <div
    className="latest-movie__shadow"
  />
  <div
    className="absolute flex flex-col justify-center items-center top-0 mt-3 w-full md:w-4/6 md:items-start md:pt-24 md:pl-32 lg:pt-24 lg:pl-40 xl:mt-40 xl:pl-56"
  >
    <div
      className="flex flex-col items-center md:w-full md:items-start"
    >
      <h2
        className="font-bold text-lg md:text-4xl lg:text-5xl"
      >
        title
      </h2>
      <div
        className="my-4"
      >
        horror
      </div>
      <div
        className="w-auto inline-block rounded-full custom-pink-bg py-1 px-3 my-3"
      >
        98 min
      </div>
      <p
        className="hidden md:block text-md"
      >
        overview
      </p>
    </div>
    <div
      className="mt-1 w-24 md:mt-12 md:w-64"
    >
      <button
        className="w-full focus:outline-none text-white py-2 px-4 rounded-md custom-blue-bg"
        onClick={[Function]}
        type="button"
      >
        Watch
      </button>
    </div>
  </div>
</div>
`;
