// Jest Snapshot v1, https://goo.gl/fbAQLP

exports[`<Shadow/> should render correctly  1`] = `
<div
  className="latest-movie__shadow"
/>
`;
