// Jest Snapshot v1, https://goo.gl/fbAQLP

exports[`<Button/> should render correctly  1`] = `
<button
  className="w-full focus:outline-none text-white py-2 px-4 rounded-md custom-blue-bg"
  onClick={[MockFunction]}
  type="button"
>
  Test
</button>
`;
