// Jest Snapshot v1, https://goo.gl/fbAQLP

exports[`<Error/> should render correctly  1`] = `
<p
  className="w-full py-5 text-center"
>
  Something went wrong
</p>
`;
