// Jest Snapshot v1, https://goo.gl/fbAQLP

exports[`<MovieOverview/> should render correctly  1`] = `
<p
  className="hidden md:block text-md"
>
  text
</p>
`;
