// Jest Snapshot v1, https://goo.gl/fbAQLP

exports[`<MovieGenres/> should render correctly  1`] = `
<div
  className="my-4"
>
  horror, comedy
</div>
`;
