// Jest Snapshot v1, https://goo.gl/fbAQLP

exports[`<VideoPlayer /> should render correctly 1`] = `
<div
  className="h-full shadow-md"
>
  <div
    style={
      Object {
        "height": "100%",
        "width": "100%",
      }
    }
  />
</div>
`;
