// Jest Snapshot v1, https://goo.gl/fbAQLP

exports[`<ViewsTitle/> should render correctly  1`] = `
<div
  className="text-2xl text-white md:text-6xl text-center md:text-left"
>
  Test
</div>
`;
