// Jest Snapshot v1, https://goo.gl/fbAQLP

exports[`<AuthLayout/> should render correctly  1`] = `
<div>
  <div>
    Test
  </div>
</div>
`;
