// Jest Snapshot v1, https://goo.gl/fbAQLP

exports[`<AuthContent/> should render correctly  1`] = `
<div
  className="w-full h-full flex justify-center items-center"
>
  <div>
    Test
  </div>
</div>
`;
