// Jest Snapshot v1, https://goo.gl/fbAQLP

exports[`<Login/> should render correctly 1`] = `
<div
  className="w-full flex flex-col text-white items-center px-6 "
>
  <img
    alt="logo"
    className="w-56 mb-2"
    src="logoWeb.png"
  />
  <span
    className="mb-2 text-white text-center text-4xl font-semibold md:text-5xl xl:text-6xl"
  >
    The best streaming platform
  </span>
  <span
    className="text-white text-center md:text-xl"
  >
    Enjoy wherever you are.
  </span>
  <div
    className="w-full md:w-64 mt-12"
  >
    <button
      className="w-full focus:outline-none text-white py-2 px-4 rounded-md custom-blue-bg"
      onClick={[Function]}
      type="button"
    >
      LOGIN
    </button>
  </div>
  <a
    className="text-sm mt-4"
    href="/toc"
    onClick={[Function]}
  >
    TOC & Privacy policy
  </a>
</div>
`;
