// Jest Snapshot v1, https://goo.gl/fbAQLP

exports[`<Movie/> should render correcty  1`] = `
<div
  className="spinner"
/>
`;
